Microchip MPLAB XC8 Compiler V2.46

Linker command line:

-W-3 \
  --edf=C:\Program Files\Microchip\xc8\v2.46\pic\dat\20240104201356_en.msgs \
  -cn -h+dist/default/production\ADC_Lab.X.production.sym \
  --cmf=dist/default/production\ADC_Lab.X.production.cmf -z -Q18F4550 \
  -oC:\Users\Juanf\AppData\Local\Temp\xcAs4sg.\driver_tmp_3.o \
  --defsym=__MPLAB_BUILD=1 --fixupoverflow=error \
  -Mdist/default/production/ADC_Lab.X.production.map \
  --md=C:\Users\Juanf\AppData\Local\Temp\xcAs4sg.\driver_tmp_0.dat -E1 \
  -ver=XC8 Compiler --acfsm=1493 -ACODE=00h-07FFFh -ACONST=00h-07FFFh \
  -ASMALLCONST=0800h-08FFhx120 -AMEDIUMCONST=0800h-07FFFh -ACOMRAM=01h-05Fh \
  -AABS1=00h-07FFh -ABIGRAM=01h-07FFh -ARAM=060h-0FFh,0100h-01FFhx7 \
  -ABANK0=060h-0FFh -ABANK1=0100h-01FFh -ABANK2=0200h-02FFh \
  -ABANK3=0300h-03FFh -ABANK4=0400h-04FFh -ABANK5=0500h-05FFh \
  -ABANK6=0600h-06FFh -ABANK7=0700h-07FFh -ASFR=0F60h-0FFFh \
  -ABIGSFR=0F60h-0FFFh -ACONFIG=0300000h-030000Dh -AIDLOC=0200000h-0200007h \
  -AEEDATA=0F00000h-0F000FFh -peeprom_data=EEDATA \
  -preset_vec=00h,intcode,sivt_hi,intcodelo,sivt_lo,powerup,init \
  -pramtop=0800h -psmallconst=SMALLCONST -pmediumconst=MEDIUMCONST \
  -pconst=CONST -AFARRAM=00h-00h \
  -prdata=COMRAM,nvrram=COMRAM,nvbit=COMRAM,rbss=COMRAM,rbit=COMRAM \
  -pfarbss=FARRAM,fardata=FARRAM,nvFARRAM=FARRAM \
  -pintsave_regs=BIGRAM,bigbss=BIGRAM,bigdata=BIGRAM -pbss=RAM \
  -pidata=CODE,irdata=CODE,ibigdata=CODE,ifardata=CODE -prparam=COMRAM \
  C:\Users\Juanf\AppData\Local\Temp\xcAs4sg.\driver_tmp_9.o \
  dist/default/production\ADC_Lab.X.production.o 

Object code version is 3.11

Machine type is 18F4550



                Name                               Link     Load   Length Selector   Space Scale
C:\Users\Juanf\AppData\Local\Temp\xcAs4sg.\driver_tmp_9.o
                init                                  0        0        4        0       0
dist/default/production\ADC_Lab.X.production.o
                smallconst                          800      800        2      400       0
                text5                              1006     1006       14      401       0
                text4                               EE6      EE6       9C      401       0
                text3                               802      802      42A      401       0
                text2                               DE0      DE0      106      401       0
                text1                               C2C      C2C      1B4      401       0
                text0                               F82      F82       84      401       0
                cstackCOMRAM                          1        1       35        1       1
                cinit                              101A     101A        6      401       0

TOTAL           Name                               Link     Load   Length     Space
        CLASS   CODE           
                init                                  0        0        4         0
                text5                              1006     1006       14         0
                text4                               EE6      EE6       9C         0
                text3                               802      802      42A         0
                text2                               DE0      DE0      106         0
                text1                               C2C      C2C      1B4         0
                text0                               F82      F82       84         0
                cinit                              101A     101A        6         0

        CLASS   CONST          

        CLASS   SMALLCONST     
                smallconst                          800      800        2         0

        CLASS   MEDIUMCONST    

        CLASS   COMRAM         
                cstackCOMRAM                          1        1       35         1

        CLASS   ABS1           

        CLASS   BIGRAM         

        CLASS   RAM            

        CLASS   BANK0          

        CLASS   BANK1          

        CLASS   BANK2          

        CLASS   BANK3          

        CLASS   BANK4          

        CLASS   BANK5          

        CLASS   BANK6          

        CLASS   BANK7          

        CLASS   SFR            

        CLASS   BIGSFR         

        CLASS   CONFIG         

        CLASS   IDLOC          

        CLASS   EEDATA         

        CLASS   FARRAM         

        CLASS   HEAP           

        CLASS   STACK          



SEGMENTS        Name                           Load    Length   Top    Selector   Space  Class

                reset_vec                      000000  000004  000004         0       0  CODE    
                cstackCOMRAM                   000001  000035  000036         1       1  COMRAM  
                smallconst                     000800  000002  000802       400       0  SMALLCON
                text3                          000802  00081E  001020       401       0  CODE    


UNUSED ADDRESS RANGES

        Name                Unused          Largest block    Delta
        BANK0            0060-00FF             A0
        BANK1            0100-01FF            100
        BANK2            0200-02FF            100
        BANK3            0300-03FF            100
        BANK4            0400-04FF            100
        BANK5            0500-05FF            100
        BANK6            0600-06FF            100
        BANK7            0700-07FF            100
        BIGRAM           0036-07FF            7CA
        BIGSFR           0F60-0FFF             A0
        CODE             0004-07FF            7FC
                         1020-7FFF           6FE0
        COMRAM           0036-005F             2A
        CONFIG           300000-30000D              E
        CONST            0004-07FF            7FC
                         1020-7FFF           6FE0
        EEDATA           F00000-F000FF            100
        IDLOC            200000-200007              8
        MEDIUMCONST      1020-7FFF           6FE0
        RAM              0060-07FF            100
        SFR              0F60-0FFF             A0
        SMALLCONST       1020-7FFF            100

                                  Symbol Table

?_ADC_Read               cstackCOMRAM 0001
?___flmul                cstackCOMRAM 000F
?___fltol                cstackCOMRAM 0028
?___xxtofl               cstackCOMRAM 0001
ADC_Read@channel         cstackCOMRAM 0001
ADC_Read@digital         cstackCOMRAM 0007
_ADCON0                  (abs)        0FC2
_ADCON0bits              (abs)        0FC2
_ADCON1                  (abs)        0FC1
_ADCON2                  (abs)        0FC0
_ADC_Init                text5        1006
_ADC_Read                text4        0EE6
_ADON                    (abs)        7E10
_ADRESH                  (abs)        0FC4
_ADRESL                  (abs)        0FC3
_GO                      (abs)        7E11
_OSCCON                  (abs)        0FD3
_PORTB                   (abs)        0F81
_TRISA                   (abs)        0F92
_TRISB                   (abs)        0F93
__HRAM                   (abs)        0000
__H__absolute__          __absolute__ 0000
__Habs1                  abs1         0000
__Hbank0                 bank0        0000
__Hbank1                 bank1        0000
__Hbank2                 bank2        0000
__Hbank3                 bank3        0000
__Hbank4                 bank4        0000
__Hbank5                 bank5        0000
__Hbank6                 bank6        0000
__Hbank7                 bank7        0000
__Hbigbss                bigbss       0000
__Hbigdata               bigdata      0000
__Hbigram                bigram       0000
__Hbigsfr                bigsfr       0000
__Hbss                   bss          0000
__Hcinit                 cinit        0000
__Hclrtext               clrtext      0000
__Hcomram                comram       0000
__Hconfig                config       0000
__Hconst                 const        0000
__HcstackCOMRAM          cstackCOMRAM 0000
__Hdata                  data         0000
__Heeprom_data           eeprom_data  0000
__Hfarbss                farbss       0000
__Hfardata               fardata      0000
__Hheap                  heap         0000
__Hibigdata              ibigdata     0000
__Hidata                 idata        0000
__Hidloc                 idloc        0000
__Hifardata              ifardata     0000
__Hinit                  init         0004
__Hintcode               intcode      0000
__Hintcode_body          intcode_body 0000
__Hintcodelo             intcodelo    0000
__Hintentry              intentry     0000
__Hintret                intret       0000
__Hintsave_regs          intsave_regs 0000
__Hirdata                irdata       0000
__Hmediumconst           mediumconst  0000
__HnvFARRAM              nvFARRAM     0000
__Hnvbit                 nvbit        0000
__Hnvrram                nvrram       0000
__Hparam                 rparam       0000
__Hpowerup               powerup      0000
__Hram                   ram          0000
__Hramtop                ramtop       0800
__Hrbit                  rbit         0000
__Hrbss                  rbss         0000
__Hrdata                 rdata        0000
__Hreset_vec             reset_vec    0000
__Hrparam                rparam       0000
__Hsfr                   sfr          0000
__Hsivt_hi               sivt_hi      0000
__Hsivt_lo               sivt_lo      0000
__Hsmallconst            smallconst   0802
__Hspace_0               (abs)        1020
__Hspace_1               (abs)        0036
__Hspace_2               (abs)        0000
__Hspace_4               (abs)        0000
__Hstack                 stack        0000
__Hstruct                struct       0000
__Htemp                  temp         0000
__Htext                  text         0000
__Htext0                 text0        0000
__Htext1                 text1        0000
__Htext2                 text2        0000
__Htext3                 text3        0000
__Htext4                 text4        0000
__Htext5                 text5        0000
__LRAM                   (abs)        0001
__L__absolute__          __absolute__ 0000
__Labs1                  abs1         0000
__Lbank0                 bank0        0000
__Lbank1                 bank1        0000
__Lbank2                 bank2        0000
__Lbank3                 bank3        0000
__Lbank4                 bank4        0000
__Lbank5                 bank5        0000
__Lbank6                 bank6        0000
__Lbank7                 bank7        0000
__Lbigbss                bigbss       0000
__Lbigdata               bigdata      0000
__Lbigram                bigram       0000
__Lbigsfr                bigsfr       0000
__Lbss                   bss          0000
__Lcinit                 cinit        0000
__Lclrtext               clrtext      0000
__Lcomram                comram       0000
__Lconfig                config       0000
__Lconst                 const        0000
__LcstackCOMRAM          cstackCOMRAM 0000
__Ldata                  data         0000
__Leeprom_data           eeprom_data  0000
__Lfarbss                farbss       0000
__Lfardata               fardata      0000
__Lheap                  heap         0000
__Libigdata              ibigdata     0000
__Lidata                 idata        0000
__Lidloc                 idloc        0000
__Lifardata              ifardata     0000
__Linit                  init         0000
__Lintcode               intcode      0000
__Lintcode_body          intcode_body 0000
__Lintcodelo             intcodelo    0000
__Lintentry              intentry     0000
__Lintret                intret       0000
__Lintsave_regs          intsave_regs 0000
__Lirdata                irdata       0000
__Lmediumconst           mediumconst  0000
__LnvFARRAM              nvFARRAM     0000
__Lnvbit                 nvbit        0000
__Lnvrram                nvrram       0000
__Lparam                 rparam       0000
__Lpowerup               powerup      0000
__Lram                   ram          0000
__Lramtop                ramtop       0800
__Lrbit                  rbit         0000
__Lrbss                  rbss         0000
__Lrdata                 rdata        0000
__Lreset_vec             reset_vec    0000
__Lrparam                rparam       0000
__Lsfr                   sfr          0000
__Lsivt_hi               sivt_hi      0000
__Lsivt_lo               sivt_lo      0000
__Lsmallconst            smallconst   0800
__Lspace_0               (abs)        0000
__Lspace_1               (abs)        0000
__Lspace_2               (abs)        0000
__Lspace_4               (abs)        0000
__Lstack                 stack        0000
__Lstruct                struct       0000
__Ltemp                  temp         0000
__Ltext                  text         0000
__Ltext0                 text0        0000
__Ltext1                 text1        0000
__Ltext2                 text2        0000
__Ltext3                 text3        0000
__Ltext4                 text4        0000
__Ltext5                 text5        0000
__S0                     (abs)        1020
__S1                     (abs)        0036
__S4                     (abs)        0000
__S5                     (abs)        0000
___flmul                 text3        0802
___flmul@a               cstackCOMRAM 0013
___flmul@aexp            cstackCOMRAM 0020
___flmul@b               cstackCOMRAM 000F
___flmul@bexp            cstackCOMRAM 0021
___flmul@grs             cstackCOMRAM 001C
___flmul@prod            cstackCOMRAM 0022
___flmul@sign            cstackCOMRAM 001B
___flmul@temp            cstackCOMRAM 0026
___fltol                 text2        0DE0
___fltol@exp1            cstackCOMRAM 0031
___fltol@f1              cstackCOMRAM 0028
___fltol@sign1           cstackCOMRAM 0030
___heap_hi               (abs)        0000
___heap_lo               (abs)        0000
___inthi_sp              stack        0000
___inthi_stack_hi        stack        0000
___inthi_stack_lo        stack        0000
___intlo_sp              stack        0000
___intlo_stack_hi        stack        0000
___intlo_stack_lo        stack        0000
___param_bank            (abs)        0000
___rparam_used           (abs)        0001
___sp                    stack        0000
___stack_hi              stack        0000
___stack_lo              stack        0000
___xxtofl                text1        0C2C
___xxtofl@arg            cstackCOMRAM 000B
___xxtofl@exp            cstackCOMRAM 000A
___xxtofl@sign           cstackCOMRAM 0009
___xxtofl@val            cstackCOMRAM 0001
__accesstop              (abs)        0060
__activetblptr           (abs)        0000
__end_of_ADC_Init        text5        101A
__end_of_ADC_Read        text4        0F82
__end_of___flmul         text3        0C2C
__end_of___fltol         text2        0EE6
__end_of___xxtofl        text1        0DE0
__end_of__initialization cinit        101A
__end_of_main            text0        1006
__initialization         cinit        101A
__mediumconst            mediumconst  0000
__pcinit                 cinit        101A
__pcstackCOMRAM          cstackCOMRAM 0001
__psmallconst            smallconst   0800
__ptext0                 text0        0F82
__ptext1                 text1        0C2C
__ptext2                 text2        0DE0
__ptext3                 text3        0802
__ptext4                 text4        0EE6
__ptext5                 text5        1006
__ramtop                 ramtop       0800
__smallconst             smallconst   0800
_main                    text0        0F82
end_of_initialization    cinit        101A
intlevel0                text         0000
intlevel1                text         0000
intlevel2                text         0000
intlevel3                text         0000
isa$std                  (abs)        0001
isa$xinst                (abs)        0000
main@bits10a8            cstackCOMRAM 0034
main@digital             cstackCOMRAM 0032
stackhi                  (abs)        0000
stacklo                  (abs)        0000
start                    init         0000
start_initialization     cinit        101A


MODULE INFORMATION

Module		Function		Class		Link	Load	Size
C:\Program Files\Microchip\xc8\v2.46\pic\sources\c99\common\fltol.c
		___fltol       		CODE           	0DE0	0000	262

C:\Program Files\Microchip\xc8\v2.46\pic\sources\c99\common\fltol.c estimated size: 262

ADC_LAB2.c
		_main          		CODE           	0F82	0000	132
		_ADC_Read      		CODE           	0EE6	0000	156
		_ADC_Init      		CODE           	1006	0000	20

ADC_LAB2.c estimated size: 308

C:\Program Files\Microchip\xc8\v2.46\pic\sources\c99\common\xxtofl.c
		___xxtofl      		CODE           	0C2C	0000	436

C:\Program Files\Microchip\xc8\v2.46\pic\sources\c99\common\xxtofl.c estimated size: 436

C:\Program Files\Microchip\xc8\v2.46\pic\sources\c99\common\sprcmul.c
		___flmul       		CODE           	0802	0000	1066

C:\Program Files\Microchip\xc8\v2.46\pic\sources\c99\common\sprcmul.c estimated size: 1066

shared
		__initialization		CODE           	101A	0000	1

shared estimated size: 1

